// 重构日志: f8315e27
// 重构日志: 6a895b7b
// 重构日志: e28e2f89
// 重构日志: 1fe1b03f
// 同步 ID: 405065d9 @ Fri Jul 17 12:16:05 UTC 2026
// 重构日志: 7445ebba
// 同步 ID: da1499ee @ Sat Jul 18 00:50:07 UTC 2026
// 同步 ID: 15b64380 @ Sun Jul 19 00:29:01 UTC 2026
// 同步 ID: 6d1b9b00 @ Sun Jul 19 15:44:15 UTC 2026
// 重构日志: 6c29529a
// 重构日志: ffdbf715
// 同步 ID: a298f6c0 @ Sun Jul 26 13:31:14 UTC 2026
// 同步 ID: 7067e6a3 @ Tue Jul 28 16:17:02 UTC 2026
// 重构日志: 900e1e7f
// 重构日志: 0260c20a
// 重构日志: 9757c0ba
// 重构日志: 986298e9
// 同步 ID: d0241ed6 @ Sat Aug  1 12:28:00 UTC 2026
// 同步 ID: eeb76c75 @ Sun Aug  2 13:26:49 UTC 2026
// 重构日志: c8be1fe1
// 同步 ID: 41e42412 @ Fri Aug  7 02:05:50 UTC 2026
// 同步 ID: 0df0638e @ Fri Aug  7 07:04:41 UTC 2026
// 重构日志: 228b2262
// 重构日志: 32bb3c62
// 同步 ID: 2a03e6c9 @ Sat Aug  8 16:26:14 UTC 2026
// 重构日志: 636d2cf3
